// Jest Snapshot v1, https://goo.gl/fbAQLP

exports[`Transformers ClassArrowFunctionProperty should convert class arrow function to bound methods 1`] = `
"class Button1 {
    constructor() { this.fn1 = this.fn1.bind(this); this.fn2 = this.fn2.bind(this); this.fn3 = this.fn3.bind(this); }
    fn1(a, b) { }
    fn2() { }
    fn3() {
        return 2;
    }
    render() {
        return <button />;
    }
}
class Button2 extends React.Component {
    constructor(...args) { super(...args); this.fn1 = this.fn1.bind(this); this.fn2 = this.fn2.bind(this); this.fn3 = this.fn3.bind(this); }
    fn1(a, b) { }
    fn2() { }
    fn3() {
        return 2;
    }
    render() {
        return <button />;
    }
}
class Button3 extends React.Component {
    constructor(props) {
        super(props);
        this.state = {};
        this.fn1 = this.fn1.bind(this);
        this.fn2 = this.fn2.bind(this);
        this.fn3 = this.fn3.bind(this);
    }
    fn1(a, b) { }
    fn2() { }
    fn3() { return 2; }
    render() {
        return <button />;
    }
}
"
`;
